
[TestGetTopStoryIds/with_a_succesful_response - 1]
http.Header{
    "Cache-Control": {"max-age=0"},
    "Content-Type":  {"text/html"},
}
int(200)

    
        <article class="story" hx-get="/parts/story/42" hx-trigger="revealed" hx-swap="outerHTML">
            <a class="title"><div class="skeleton" style="width: 60%"></div></a>
            <footer><div class="skeleton" style="width: 40%"></div></footer>
        </article>
    
        <article class="story" hx-get="/parts/story/3545" hx-trigger="revealed" hx-swap="outerHTML">
            <a class="title"><div class="skeleton" style="width: 60%"></div></a>
            <footer><div class="skeleton" style="width: 40%"></div></footer>
        </article>
    
        <article class="story" hx-get="/parts/story/345" hx-trigger="revealed" hx-swap="outerHTML">
            <a class="title"><div class="skeleton" style="width: 60%"></div></a>
            <footer><div class="skeleton" style="width: 40%"></div></footer>
        </article>
    
        <article class="story" hx-get="/parts/story/1" hx-trigger="revealed" hx-swap="outerHTML">
            <a class="title"><div class="skeleton" style="width: 60%"></div></a>
            <footer><div class="skeleton" style="width: 40%"></div></footer>
        </article>
    

---
