
[TestIndexView/when_the_view_renders_succesfully - 1]

<html lang="en">
<head>
    <title>Hackernews</title>
    <meta charset="UTF-8"/>
    <meta name="description" content="Hackernews example app in htmx and Go" lang="en"/>
    <link rel="icon" href="/assets/favicon.ico" type="image/x-icon">
    <script src="https://unpkg.com/htmx.org@1.9.4" integrity="sha384-zUfuhFKKZCbHTY6aRR46gxiqszMk5tcHjsVFxnUo8VMus4kHGVdIYVbOYYNlKmHV" crossorigin="anonymous"></script>
    <script src="/assets/scripts.js"></script>
    <link rel="stylesheet" href="/assets/main.css">
</head>
<body>
  <main>
    
<header class="topBar">
  
<a class="logo" href="/">
    <img src="/assets/y18.gif" />
    <span class="logo-caption">Hacker News</span>
</a>

</header>

    <section class="content">

<div class="stories" hx-get="/topstories?embed" hx-trigger="load">
  
  <article class="htmx-indicator story placeholder">
    <a class="title"><div class="skeleton" style="width: 60%"></div></a>
    <footer><div class="skeleton" style="width: 40%"></div></footer>
  </article>

  
  <article class="htmx-indicator story placeholder">
    <a class="title"><div class="skeleton" style="width: 60%"></div></a>
    <footer><div class="skeleton" style="width: 40%"></div></footer>
  </article>

  
  <article class="htmx-indicator story placeholder">
    <a class="title"><div class="skeleton" style="width: 60%"></div></a>
    <footer><div class="skeleton" style="width: 40%"></div></footer>
  </article>

  
  <article class="htmx-indicator story placeholder">
    <a class="title"><div class="skeleton" style="width: 60%"></div></a>
    <footer><div class="skeleton" style="width: 40%"></div></footer>
  </article>

  
  <article class="htmx-indicator story placeholder">
    <a class="title"><div class="skeleton" style="width: 60%"></div></a>
    <footer><div class="skeleton" style="width: 40%"></div></footer>
  </article>

</div>

    </section>
  </main>
</body>
</html>


---
